getDTthreads(verbose=TRUE):
  OpenMP version (_OPENMP)       201511
  omp_get_num_procs()            8
  R_DATATABLE_NUM_PROCS_PERCENT  unset (default 50)
  R_DATATABLE_NUM_THREADS        unset
  R_DATATABLE_THROTTLE           unset (default 1024)
  omp_get_thread_limit()         2147483647
  omp_get_max_threads()          8
  OMP_THREAD_LIMIT               unset
  OMP_NUM_THREADS                unset
  RestoreAfterFork               true
  data.table is using 4 threads with throttle==1024. See ?setDTthreads.
test.data.table() running: /home/michael/R/x86_64-pc-linux-gnu-library/4.0/data.table/tests/tests.Rraw
Test 330 didn't produce the correct warning:
Expected: object 'd' not found
Observed: objeto 'd' no encontrado
Test 380 didn't produce the correct error:
Expected: locked binding
Observed: no se puede cambiar el valor de un vínculo bloqueado para  '.SD'
Test 381 didn't produce the correct error:
Expected: locked binding
Observed: no se puede cambiar el valor de un vínculo bloqueado para  '.SD'
Test 573 didn't produce the correct error:
Expected: object ' a' not found
Observed: objeto ' a' no encontrado
Test 715 didn't produce the correct error:
Expected: could not find function.*J
Observed: no se pudo encontrar la función "J"
Test 1137.07 didn't produce the correct error:
Expected: invalid argument to unary
Observed: argumento no válido para un operador unitario
Test 1251.09 didn't produce the correct error:
Expected: argument lengths differ
Observed: argumentos con longitudes diferentes
Test 1291.1 didn't produce the correct warning:
Expected: no non-missing arguments to max
Observed: ningun argumento finito para max; retornando -Inf
Test 1294.04 didn't produce the correct warning:
Expected: NAs introduced by coercion
Observed: NAs introducidos por coerción
Test 1294.11 didn't produce the correct warning:
Expected: NAs introduced by coercion
Observed: NAs introducidos por coerción
Test 1671 didn't produce the correct error:
Expected: invalid type/length (closure/1)
Observed: tipo/longitud no válido (closure/1) en la asignación del vector
Test 1703.16 didn't produce the correct error:
Expected: cannot open the connection
Observed: no se puede abrir la conexión
Test 1724.1 didn't produce the correct warning:
Expected: NAs introduced by coercion
Observed: NAs introducidos por coerción
Test 1724.2 didn't produce the correct warning:
Expected: NAs introduced by coercion
Observed: NAs introducidos por coerción
Test 1743.231 didn't produce the correct warning:
Expected: NAs introduced by coercion.*left as type 'character'
Observed: Column 'c' was requested to be 'complex' but fread encountered the following warning:
	NAs introducidos por coerción
so the column has been left as type 'character'
Test 1743.32 didn't produce the correct warning:
Expected: Column 'A' was requested to be 'complex'.*NAs introduced by coercion.*column has been left as.*character
Observed: Column 'A' was requested to be 'complex' but fread encountered the following warning:
	NAs introducidos por coerción
so the column has been left as type 'character'
Test 1750.11 didn't produce the correct error:
Expected: invalid 'type' (character) of argument
Observed: 'type' (character) de argumento no válido
Test 1750.21 didn't produce the correct error:
Expected: object 'notexist' not found
Observed: objeto 'notexist' no encontrado
Test 1750.23 didn't produce the correct error:
Expected: object 'notexist' not found
Observed: objeto 'notexist' no encontrado
Test 1924.1 didn't produce the correct error:
Expected: not found\. Perhaps you intended.*varname
Observed: objeto 'var_name' no encontrado
Test 1924.2 didn't produce the correct error:
Expected: Object.*not found among
Observed: objeto 'variable' no encontrado
Test 1924.3 didn't produce the correct error:
Expected: non-numeric argument
Observed: argumento no-numérico para operador binario
Test 1924.4 didn't produce the correct error:
Expected: Object 'var_name' not found. Perhaps you intended [varname, VAR_NAME]
Observed: objeto 'var_name' no encontrado
Test 1924.5 didn't produce the correct error:
Expected: Perhaps you intended.*V1.*V10, [.]{3}
Observed: objeto 'V' no encontrado
Test 1949.1 didn't produce the correct error:
Expected: object 'A' not found
Observed: objeto 'A' no encontrado
Test 1949.2 didn't produce the correct error:
Expected: object 'A' not found
Observed: objeto 'A' no encontrado
Test 1949.3 didn't produce the correct error:
Expected: object 'A' not found
Observed: objeto 'A' no encontrado
Test 1949.4 didn't produce the correct error:
Expected: object 'A' not found
Observed: objeto 'A' no encontrado
Test 1967.6 didn't produce the correct error:
Expected: mixed.*negative
Observed: solamente 0's pueden ser mezclados con subscritos negativos
Test 2159.03 didn't produce the correct warning:
Expected: missing
Observed: ningún argumento finito para min; retornando Inf
Test 2159.06 didn't produce the correct warning:
Expected: missing
Observed: ningún argumento finito para min; retornando Inf
Test 2183.61 didn't produce the correct warning:
Expected: NAs introduced by coercion
Observed: NAs introducidos por coerción

Mon May 10 20:37:16 2021  endian==little, sizeof(long double)==16, longdouble.digits==64, sizeof(pointer)==8, TZ==unset, Sys.timezone()=='America/Los_Angeles', Sys.getlocale()=='LC_CTYPE=en_SG.UTF-8;LC_NUMERIC=C;LC_TIME=en_SG.UTF-8;LC_COLLATE=en_SG.UTF-8;LC_MONETARY=en_SG.UTF-8;LC_MESSAGES=en_SG.UTF-8;LC_PAPER=en_SG.UTF-8;LC_NAME=C;LC_ADDRESS=C;LC_TELEPHONE=C;LC_MEASUREMENT=en_SG.UTF-8;LC_IDENTIFICATION=C', l10n_info()=='MBCS=TRUE; UTF-8=TRUE; Latin-1=FALSE', getDTthreads()=='OpenMP version (_OPENMP)==201511; omp_get_num_procs()==8; R_DATATABLE_NUM_PROCS_PERCENT==unset (default 50); R_DATATABLE_NUM_THREADS==unset; R_DATATABLE_THROTTLE==unset (default 1024); omp_get_thread_limit()==2147483647; omp_get_max_threads()==8; OMP_THREAD_LIMIT==unset; OMP_NUM_THREADS==unset; RestoreAfterFork==true; data.table is using 4 threads with throttle==1024. See ?setDTthreads.', zlibVersion()==1.2.11 ZLIB_VERSION==1.2.11
